Archive member included to satisfy reference by file (symbol)

c:/program files (x86)/atmel/studio/7.0/toolchain/avr8/avr8-gnu-toolchain/bin/../lib/gcc/avr/5.4.0/../../../../avr/lib/avr5\libm.a(addsf3.o)
                              app_utils.o (__subsf3)
c:/program files (x86)/atmel/studio/7.0/toolchain/avr8/avr8-gnu-toolchain/bin/../lib/gcc/avr/5.4.0/../../../../avr/lib/avr5\libm.a(addsf3x.o)
                              c:/program files (x86)/atmel/studio/7.0/toolchain/avr8/avr8-gnu-toolchain/bin/../lib/gcc/avr/5.4.0/../../../../avr/lib/avr5\libm.a(addsf3.o) (__addsf3x)
c:/program files (x86)/atmel/studio/7.0/toolchain/avr8/avr8-gnu-toolchain/bin/../lib/gcc/avr/5.4.0/../../../../avr/lib/avr5\libm.a(cmpsf2.o)
                              main.o (__lesf2)
c:/program files (x86)/atmel/studio/7.0/toolchain/avr8/avr8-gnu-toolchain/bin/../lib/gcc/avr/5.4.0/../../../../avr/lib/avr5\libm.a(divsf3.o)
                              app_utils.o (__divsf3)
c:/program files (x86)/atmel/studio/7.0/toolchain/avr8/avr8-gnu-toolchain/bin/../lib/gcc/avr/5.4.0/../../../../avr/lib/avr5\libm.a(divsf3x.o)
                              c:/program files (x86)/atmel/studio/7.0/toolchain/avr8/avr8-gnu-toolchain/bin/../lib/gcc/avr/5.4.0/../../../../avr/lib/avr5\libm.a(divsf3.o) (__divsf3x)
c:/program files (x86)/atmel/studio/7.0/toolchain/avr8/avr8-gnu-toolchain/bin/../lib/gcc/avr/5.4.0/../../../../avr/lib/avr5\libm.a(fixunssfsi.o)
                              app_utils.o (__fixunssfsi)
c:/program files (x86)/atmel/studio/7.0/toolchain/avr8/avr8-gnu-toolchain/bin/../lib/gcc/avr/5.4.0/../../../../avr/lib/avr5\libm.a(floatsisf.o)
                              app_utils.o (__floatunsisf)
c:/program files (x86)/atmel/studio/7.0/toolchain/avr8/avr8-gnu-toolchain/bin/../lib/gcc/avr/5.4.0/../../../../avr/lib/avr5\libm.a(fp_cmp.o)
                              c:/program files (x86)/atmel/studio/7.0/toolchain/avr8/avr8-gnu-toolchain/bin/../lib/gcc/avr/5.4.0/../../../../avr/lib/avr5\libm.a(cmpsf2.o) (__fp_cmp)
c:/program files (x86)/atmel/studio/7.0/toolchain/avr8/avr8-gnu-toolchain/bin/../lib/gcc/avr/5.4.0/../../../../avr/lib/avr5\libm.a(fp_inf.o)
                              c:/program files (x86)/atmel/studio/7.0/toolchain/avr8/avr8-gnu-toolchain/bin/../lib/gcc/avr/5.4.0/../../../../avr/lib/avr5\libm.a(addsf3x.o) (__fp_inf)
c:/program files (x86)/atmel/studio/7.0/toolchain/avr8/avr8-gnu-toolchain/bin/../lib/gcc/avr/5.4.0/../../../../avr/lib/avr5\libm.a(fp_nan.o)
                              c:/program files (x86)/atmel/studio/7.0/toolchain/avr8/avr8-gnu-toolchain/bin/../lib/gcc/avr/5.4.0/../../../../avr/lib/avr5\libm.a(addsf3x.o) (__fp_nan)
c:/program files (x86)/atmel/studio/7.0/toolchain/avr8/avr8-gnu-toolchain/bin/../lib/gcc/avr/5.4.0/../../../../avr/lib/avr5\libm.a(fp_pscA.o)
                              c:/program files (x86)/atmel/studio/7.0/toolchain/avr8/avr8-gnu-toolchain/bin/../lib/gcc/avr/5.4.0/../../../../avr/lib/avr5\libm.a(addsf3x.o) (__fp_pscA)
c:/program files (x86)/atmel/studio/7.0/toolchain/avr8/avr8-gnu-toolchain/bin/../lib/gcc/avr/5.4.0/../../../../avr/lib/avr5\libm.a(fp_pscB.o)
                              c:/program files (x86)/atmel/studio/7.0/toolchain/avr8/avr8-gnu-toolchain/bin/../lib/gcc/avr/5.4.0/../../../../avr/lib/avr5\libm.a(addsf3x.o) (__fp_pscB)
c:/program files (x86)/atmel/studio/7.0/toolchain/avr8/avr8-gnu-toolchain/bin/../lib/gcc/avr/5.4.0/../../../../avr/lib/avr5\libm.a(fp_round.o)
                              c:/program files (x86)/atmel/studio/7.0/toolchain/avr8/avr8-gnu-toolchain/bin/../lib/gcc/avr/5.4.0/../../../../avr/lib/avr5\libm.a(addsf3.o) (__fp_round)
c:/program files (x86)/atmel/studio/7.0/toolchain/avr8/avr8-gnu-toolchain/bin/../lib/gcc/avr/5.4.0/../../../../avr/lib/avr5\libm.a(fp_split3.o)
                              c:/program files (x86)/atmel/studio/7.0/toolchain/avr8/avr8-gnu-toolchain/bin/../lib/gcc/avr/5.4.0/../../../../avr/lib/avr5\libm.a(addsf3x.o) (__fp_split3)
c:/program files (x86)/atmel/studio/7.0/toolchain/avr8/avr8-gnu-toolchain/bin/../lib/gcc/avr/5.4.0/../../../../avr/lib/avr5\libm.a(fp_zero.o)
                              c:/program files (x86)/atmel/studio/7.0/toolchain/avr8/avr8-gnu-toolchain/bin/../lib/gcc/avr/5.4.0/../../../../avr/lib/avr5\libm.a(addsf3x.o) (__fp_zero)
c:/program files (x86)/atmel/studio/7.0/toolchain/avr8/avr8-gnu-toolchain/bin/../lib/gcc/avr/5.4.0/../../../../avr/lib/avr5\libm.a(mulsf3.o)
                              app_utils.o (__mulsf3)
c:/program files (x86)/atmel/studio/7.0/toolchain/avr8/avr8-gnu-toolchain/bin/../lib/gcc/avr/5.4.0/../../../../avr/lib/avr5\libm.a(mulsf3x.o)
                              c:/program files (x86)/atmel/studio/7.0/toolchain/avr8/avr8-gnu-toolchain/bin/../lib/gcc/avr/5.4.0/../../../../avr/lib/avr5\libm.a(mulsf3.o) (__mulsf3x)
c:/program files (x86)/atmel/studio/7.0/toolchain/avr8/avr8-gnu-toolchain/bin/../lib/gcc/avr/5.4.0/../../../../avr/lib/avr5\libm.a(round.o)
[...]
Memory Configuration

Name             Origin             Length             Attributes
text             0x00000000         0x00008000         xr
data             0x00800100         0x00000800         rw !x
eeprom           0x00810000         0x00000400         rw !x
fuse             0x00820000         0x00000003         rw !x
lock             0x00830000         0x00000400         rw !x
signature        0x00840000         0x00000400         rw !x
user_signatures  0x00850000         0x00000400         rw !x
*default*        0x00000000         0xffffffff

Linker script and memory map

Address of section .data set to 0x800100
LOAD c:/program files (x86)/atmel/studio/7.0/toolchain/avr8/avr8-gnu-toolchain/bin/../lib/gcc/avr/5.4.0/../../../../avr/lib/avr5/crtatmega328p.o
LOAD app_utils.o
LOAD i2c_restore.o
LOAD lcdpcf8574.o
LOAD main.o
LOAD pcf8574.o
LOAD twimaster.o
LOAD RTC_hal.o
LOAD uart.o
LOAD wd.o
START GROUP
LOAD c:/program files (x86)/atmel/studio/7.0/toolchain/avr8/avr8-gnu-toolchain/bin/../lib/gcc/avr/5.4.0/../../../../avr/lib/avr5\libm.a
LOAD c:/program files (x86)/atmel/studio/7.0/toolchain/avr8/avr8-gnu-toolchain/bin/../lib/gcc/avr/5.4.0/../../../../avr/lib/avr5\libprintf_flt.a
END GROUP
START GROUP
LOAD c:/program files (x86)/atmel/studio/7.0/toolchain/avr8/avr8-gnu-toolchain/bin/../lib/gcc/avr/5.4.0/avr5\libgcc.a
LOAD c:/program files (x86)/atmel/studio/7.0/toolchain/avr8/avr8-gnu-toolchain/bin/../lib/gcc/avr/5.4.0/../../../../avr/lib/avr5\libm.a
LOAD c:/program files (x86)/atmel/studio/7.0/toolchain/avr8/avr8-gnu-toolchain/bin/../lib/gcc/avr/5.4.0/../../../../avr/lib/avr5\libc.a
LOAD c:/program files (x86)/atmel/studio/7.0/toolchain/avr8/avr8-gnu-toolchain/bin/../lib/gcc/avr/5.4.0/../../../../avr/lib/avr5\libatmega328p.a
END GROUP
                0x00000000                __TEXT_REGION_ORIGIN__ = DEFINED (__TEXT_REGION_ORIGIN__)?__TEXT_REGION_ORIGIN__:0x0
                [0x00800100]                __DATA_REGION_ORIGIN__ = DEFINED (__DATA_REGION_ORIGIN__)?__DATA_REGION_ORIGIN__:0x800060
                [0x00008000]                __TEXT_REGION_LENGTH__ = DEFINED (__TEXT_REGION_LENGTH__)?__TEXT_REGION_LENGTH__:0x20000
                [0x00000800]                __DATA_REGION_LENGTH__ = DEFINED (__DATA_REGION_LENGTH__)?__DATA_REGION_LENGTH__:0xffa0
                [0x00000400]                __EEPROM_REGION_LENGTH__ = DEFINED (__EEPROM_REGION_LENGTH__)?__EEPROM_REGION_LENGTH__:0x10000
                [0x00000003]                __FUSE_REGION_LENGTH__ = DEFINED (__FUSE_REGION_LENGTH__)?__FUSE_REGION_LENGTH__:0x400
                0x00000400                __LOCK_REGION_LENGTH__ = DEFINED (__LOCK_REGION_LENGTH__)?__LOCK_REGION_LENGTH__:0x400
                0x00000400                __SIGNATURE_REGION_LENGTH__ = DEFINED (__SIGNATURE_REGION_LENGTH__)?__SIGNATURE_REGION_LENGTH__:0x400
                0x00000400                __USER_SIGNATURE_REGION_LENGTH__ = DEFINED (__USER_SIGNATURE_REGION_LENGTH__)?__USER_SIGNATURE_REGION_LENGTH__:0x400

.hash
 *(.hash)

.dynsym
 *(.dynsym)

.dynstr
 *(.dynstr)

.gnu.version
 *(.gnu.version)

.gnu.version_d
 *(.gnu.version_d)

.gnu.version_r
 *(.gnu.version_r)

.rel.init
 *(.rel.init)

.rela.init
 *(.rela.init)

.rel.text
 *(.rel.text)
 *(.rel.text.*)
 *(.rel.gnu.linkonce.t*)

.rela.text
 *(.rela.text)
 *(.rela.text.*)
 *(.rela.gnu.linkonce.t*)

.rel.fini
 *(.rel.fini)

.rela.fini
 *(.rela.fini)

.rel.rodata
 *(.rel.rodata)
 *(.rel.rodata.*)
 *(.rel.gnu.linkonce.r*)

.rela.rodata
 *(.rela.rodata)
 *(.rela.rodata.*)
 *(.rela.gnu.linkonce.r*)

.rel.data
 *(.rel.data)
 *(.rel.data.*)
 *(.rel.gnu.linkonce.d*)

.rela.data
 *(.rela.data)
 *(.rela.data.*)
 *(.rela.gnu.linkonce.d*)

.rel.ctors
 *(.rel.ctors)

.rela.ctors
 *(.rela.ctors)

.rel.dtors
 *(.rel.dtors)

.rela.dtors
 *(.rela.dtors)

.rel.got
 *(.rel.got)

.rela.got
 *(.rela.got)

.rel.bss
 *(.rel.bss)

.rela.bss
 *(.rela.bss)

.rel.plt
 *(.rel.plt)

.rela.plt
 *(.rela.plt)

.text           0x00000000     0x6f8e
 *(.vectors)
 .vectors       0x00000000       0x68 c:/program files (x86)/atmel/studio/7.0/toolchain/avr8/avr8-gnu-toolchain/bin/../lib/gcc/avr/5.4.0/../../../../avr/lib/avr5/crtatmega328p.o
                0x00000000                __vector_default
                0x00000000                __vectors
 *(.vectors)
 *(.progmem.gcc*)
 .progmem.gcc_sw_table.cambia_Horas_Activacion
                0x00000068       0x1a app_utils.o
 .progmem.gcc_sw_table.cambia_Dias
                0x00000082        0xe app_utils.o
 .progmem.gcc_sw_table.habilita_Pin_X_PCINT_0_7
                0x00000090       0x10 main.o
 .progmem.gcc_sw_table.habilita_Pin_X_PCINT_16_23
                0x000000a0       0x10 main.o
 .progmem.gcc_sw_table.configura_Modo_TC1
                0x000000b0       0x20 main.o
 .progmem.gcc_sw_table.configura_Modo_TC0
                0x000000d0       0x10 main.o
 .progmem.gcc_sw_table.configura_Modo_TC2
                0x000000e0       0x10 main.o
 .progmem.gcc_sw_table.main
                0x000000f0       0x16 main.o
 .progmem.gcc_sw_table.printDiaSemana
                0x00000106        0xe RTC_hal.o
                0x00000114                . = ALIGN (0x2)
                0x00000114                __trampolines_start = .
 *(.trampolines)
 .trampolines   0x00000114        0x0 linker stubs
 *(.trampolines*)
                0x00000114                __trampolines_end = .
 *libprintf_flt.a:*(.progmem.data)
 .progmem.data  0x00000114        0x8 c:/program files (x86)/atmel/studio/7.0/toolchain/avr8/avr8-gnu-toolchain/bin/../lib/gcc/avr/5.4.0/../../../../avr/lib/avr5\libprintf_flt.a(vfprintf_flt.o)
 *libc.a:*(.progmem.data)
 .progmem.data  0x0000011c       0xfa c:/program files (x86)/atmel/studio/7.0/toolchain/avr8/avr8-gnu-toolchain/bin/../lib/gcc/avr/5.4.0/../../../../avr/lib/avr5\libc.a(ftoa_engine.o)
 *(.progmem*)
                0x00000216                . = ALIGN (0x2)
 *(.jumptables)
 *(.jumptables*)
 *(.lowtext)
 *(.lowtext*)
                0x00000216                __ctors_start = .
 *(.ctors)
                0x00000216                __ctors_end = .
                0x00000216                __dtors_start = .
 *(.dtors)
                0x00000216                __dtors_end = .
 SORT(*)(.ctors)
 SORT(*)(.dtors)
 *(.init0)
 .init0         0x00000216        0x0 c:/program files (x86)/atmel/studio/7.0/toolchain/avr8/avr8-gnu-toolchain/bin/../lib/gcc/avr/5.4.0/../../../../avr/lib/avr5/crtatmega328p.o
                0x00000216                __init
 *(.init0)
 *(.init1)
 *(.init1)
 *(.init2)
 .init2         0x00000216        0xc c:/program files (x86)/atmel/studio/7.0/toolchain/avr8/avr8-gnu-toolchain/bin/../lib/gcc/avr/5.4.0/../../../../avr/lib/avr5/crtatmega328p.o
 *(.init2)
 *(.init3)
 *(.init3)
 *(.init4)
 .init4         0x00000222       0x16 c:/program files (x86)/atmel/studio/7.0/toolchain/avr8/avr8-gnu-toolchain/bin/../lib/gcc/avr/5.4.0/avr5\libgcc.a(_copy_data.o)
                0x00000222                __do_copy_data
 .init4         0x00000238       0x10 c:/program files (x86)/atmel/studio/7.0/toolchain/avr8/avr8-gnu-toolchain/bin/../lib/gcc/avr/5.4.0/avr5\libgcc.a(_clear_bss.o)
                0x00000238                __do_clear_bss
 *(.init4)
 *(.init5)
 *(.init5)
 *(.init6)
 *(.init6)
 *(.init7)
 *(.init7)
 *(.init8)
 *(.init8)
 *(.init9)
 .init9         0x00000248        0x8 c:/program files (x86)/atmel/studio/7.0/toolchain/avr8/avr8-gnu-toolchain/bin/../lib/gcc/avr/5.4.0/../../../../avr/lib/avr5/crtatmega328p.o
 *(.init9)
 *(.text)
 .text          0x00000250        0x4 c:/program files (x86)/atmel/studio/7.0/toolchain/avr8/avr8-gnu-toolchain/bin/../lib/gcc/avr/5.4.0/../../../../avr/lib/avr5/crtatmega328p.o
                0x00000250                __vector_22
                0x00000250                __vector_1
                0x00000250                __vector_24
                0x00000250                __vector_12
                0x00000250                __bad_interrupt
                0x00000250                __vector_23
                0x00000250                __vector_25
                0x00000250                __vector_13
                0x00000250                __vector_17
                0x00000250                __vector_19
                0x00000250                __vector_4
                0x00000250                __vector_9
                0x00000250                __vector_21
                0x00000250                __vector_15
                0x00000250                __vector_8
                0x00000250                __vector_10
                0x00000250                __vector_16
                0x00000250                __vector_20
                0x00000254                . = ALIGN (0x2)
 *(.text.*)
 .text.iniciaVariables
                0x00000254      0x3e0 app_utils.o
                0x00000254                iniciaVariables
 .text.dosis_a_tiempo_A
                0x00000634      0x184 app_utils.o
                0x00000634                dosis_a_tiempo_A
 .text.dosis_a_tiempo_B
                0x000007b8      0x184 app_utils.o
                0x000007b8                dosis_a_tiempo_B
 .text.buffer_clean
                0x0000093c       0x2c app_utils.o
                0x0000093c                buffer_clean
 .text.buffer_newline
                0x00000968       0x2a app_utils.o
                0x00000968                buffer_newline
 .text.buffer_puts
                0x00000992       0x9e app_utils.o
                0x00000992                buffer_puts
 .text.seteaDireccion
                0x00000a30       0x48 app_utils.o
                0x00000a30                seteaDireccion
 .text.buzzer_N_times
                0x00000a78       0x3a app_utils.o
                0x00000a78                buzzer_N_times
 .text.iniciaPines
                0x00000ab2       0x3c app_utils.o
                0x00000ab2                iniciaPines
 .text.display_puts
                0x00000aee       0x1c app_utils.o
                0x00000aee                display_puts
 .text.display_restore
                0x00000b0a       0x28 app_utils.o
                0x00000b0a                display_restore
 .text.buffer_recover
                0x00000b32       0x8a app_utils.o
                0x00000b32                buffer_recover
 .text.display_init
                0x00000bbc       0xf4 app_utils.o
                0x00000bbc                display_init
 .text.display_gotoxy
                0x00000cb0       0x4e app_utils.o
                0x00000cb0                display_gotoxy
 .text.display_clear
                0x00000cfe       0x4a app_utils.o
                0x00000cfe                display_clear
 .text.display_clear2_wait
                0x00000d48       0x38 app_utils.o
                0x00000d48                display_clear2_wait
 .text.display_clear3
                0x00000d80       0x26 app_utils.o
                0x00000d80                display_clear3
 .text.display_Dosis
                0x00000da6       0x26 app_utils.o
                0x00000da6                display_Dosis
 .text.display_Dia_Semana
                0x00000dcc       0x14 app_utils.o
                0x00000dcc                display_Dia_Semana
 .text.display_Fecha
                0x00000de0       0x38 app_utils.o
                0x00000de0                display_Fecha
 .text.display_Hora
                0x00000e18       0x26 app_utils.o
                0x00000e18                display_Hora
 .text.itaguaDisplay
                0x00000e3e       0x26 app_utils.o
                0x00000e3e                itaguaDisplay
 .text.iniciaLCD
                0x00000e64       0xac app_utils.o
                0x00000e64                iniciaLCD
 .text.saludoInicial
                0x00000f10       0x7c app_utils.o
                0x00000f10                saludoInicial
 .text.cambia_Fecha
                0x00000f8c      0x1a0 app_utils.o
                0x00000f8c                cambia_Fecha
 .text.cambia_Hora
                0x0000112c      0x116 app_utils.o
                0x0000112c                cambia_Hora
 .text.cambia_Ciclos
                0x00001242       0xa8 app_utils.o
                0x00001242                cambia_Ciclos
 .text.cambia_Horas_Activacion
                0x000012ea      0x1b0 app_utils.o
                0x000012ea                cambia_Horas_Activacion
 .text.cambia_Desfasaje
                0x0000149a       0xa0 app_utils.o
                0x0000149a                cambia_Desfasaje
 .text.cambia_ancho
                0x0000153a      0x14c app_utils.o
                0x0000153a                cambia_ancho
 .text.cambia_correccion_curva
                0x00001686      0x14c app_utils.o
                0x00001686                cambia_correccion_curva
 .text.diaSiNo  0x000017d2       0x20 app_utils.o
                0x000017d2                diaSiNo
 .text.cambia_Dias
                0x000017f2      0x1aa app_utils.o
                0x000017f2                cambia_Dias
 .text.mem_Modo
                0x0000199c       0x3e app_utils.o
                0x0000199c                mem_Modo
 .text.cambia_Modo
                0x000019da       0xbe app_utils.o
                0x000019da                cambia_Modo
 .text.cambia_Duracion
                0x00001a98       0xa8 app_utils.o
                0x00001a98                cambia_Duracion
 .text.cambia_Tiempo_Purga
                0x00001b40       0xda app_utils.o
                0x00001b40                cambia_Tiempo_Purga
 .text.mem_Dosis_A
                0x00001c1a       0x52 app_utils.o
                0x00001c1a                mem_Dosis_A
 .text.mem_Dosis_B
                0x00001c6c       0x52 app_utils.o
                0x00001c6c                mem_Dosis_B
 .text.setDosisAB
                0x00001cbe      0x202 app_utils.o
                0x00001cbe                setDosisAB
 .text.cambia_Dosis_A
                0x00001ec0      0x150 app_utils.o
                0x00001ec0                cambia_Dosis_A
 .text.cambia_Dosis_B
                0x00002010      0x150 app_utils.o
                0x00002010                cambia_Dosis_B
 .text.lcd_read_ITAGUA
                0x00002160       0x8c app_utils.o
                0x00002160                lcd_read_ITAGUA
 .text.check_ITAGUA
                0x000021ec       0x5e app_utils.o
                0x000021ec                check_ITAGUA
 .text.display_watchdog
                0x0000224a       0x32 app_utils.o
                0x0000224a                display_watchdog
 .text.miDelay_ms_apagado
                0x0000227c       0x38 app_utils.o
                0x0000227c                miDelay_ms_apagado
 .text.miDelay_ms_enclavado
                0x000022b4       0x38 app_utils.o
                0x000022b4                miDelay_ms_enclavado
 .text.miDelay_ms_timer
                0x000022ec       0x38 app_utils.o
                0x000022ec                miDelay_ms_timer
 .text.rutinaApagado
                0x00002324       0x22 app_utils.o
                0x00002324                rutinaApagado
 .text.modoAnterior
                0x00002346       0x76 app_utils.o
                0x00002346                modoAnterior
 .text.rutinaEnclavado
                0x000023bc       0x22 app_utils.o
                0x000023bc                rutinaEnclavado
 .text.rutinaCambioParametro
                0x000023de      0x264 app_utils.o
                0x000023de                rutinaCambioParametro
 .text.escape   0x00002642       0x66 app_utils.o
                0x00002642                escape
 .text.esperaPurgaContinuo
                0x000026a8       0x2a app_utils.o
                0x000026a8                esperaPurgaContinuo
 .text.continuarMenu
                0x000026d2       0x44 app_utils.o
                0x000026d2                continuarMenu
 .text.continuarMenu2
                0x00002716       0x5c app_utils.o
                0x00002716                continuarMenu2
 .text.seleccioneModo
                0x00002772       0xb8 app_utils.o
                0x00002772                seleccioneModo
 .text.seleccioneDuracion
                0x0000282a       0xb4 app_utils.o
                0x0000282a                seleccioneDuracion
 .text.seleccione_desfasaje
                0x000028de       0xbe app_utils.o
                0x000028de                seleccione_desfasaje
 .text.seleccione_anchos
                0x0000299c      0x1ae app_utils.o
                0x0000299c                seleccione_anchos
 .text.seleccione_correccion_curvas
                0x00002b4a      0x1a4 app_utils.o
                0x00002b4a                seleccione_correccion_curvas
 .text.seleccioneCiclos
                0x00002cee       0xa2 app_utils.o
                0x00002cee                seleccioneCiclos
 .text.wait_mas_A
                0x00002d90       0x18 app_utils.o
                0x00002d90                wait_mas_A
 .text.wait_menos_A
                0x00002da8       0x18 app_utils.o
                0x00002da8                wait_menos_A
 .text.cambiaDiaLunes
                0x00002dc0       0x7a app_utils.o
                0x00002dc0                cambiaDiaLunes
 .text.cambiaDiaMartes
                0x00002e3a       0x78 app_utils.o
                0x00002e3a                cambiaDiaMartes
 .text.cambiaDiaMiercoles
                0x00002eb2       0x80 app_utils.o
                0x00002eb2                cambiaDiaMiercoles
 .text.cambiaDiaJueves
                0x00002f32       0x80 app_utils.o
                0x00002f32                cambiaDiaJueves
 .text.cambiaDiaViernes
                0x00002fb2       0x80 app_utils.o
                0x00002fb2                cambiaDiaViernes
 .text.cambiaDiaSabado
                0x00003032       0x80 app_utils.o
                0x00003032                cambiaDiaSabado
 .text.cambiaDiaDomingo
                0x000030b2       0x80 app_utils.o
                0x000030b2                cambiaDiaDomingo
 .text.seleccioneHorarios
                0x00003132      0x26e app_utils.o
                0x00003132                seleccioneHorarios
 .text.seleccioneDias
                0x000033a0      0x142 app_utils.o
                0x000033a0                seleccioneDias
 .text.rutinaMenu
                0x000034e2      0x134 app_utils.o
                0x000034e2                rutinaMenu
 .text.desactivacion
                0x00003616       0x4c app_utils.o
                0x00003616                desactivacion
 .text.recuperaPx0
                0x00003662       0x3a app_utils.o
                0x00003662                recuperaPx0
 .text.habilitaPulsadores
                0x0000369c       0x16 app_utils.o
                0x0000369c                habilitaPulsadores
 .text.activacion
                0x000036b2      0x15e app_utils.o
                0x000036b2                activacion
 .text.rutinaTimer
                0x00003810       0x9a app_utils.o
                0x00003810                rutinaTimer
 .text.rutinaPurga
                0x000038aa       0xd0 app_utils.o
                0x000038aa                rutinaPurga
 .text.rutinaPulsador
                0x0000397a      0x160 app_utils.o
                0x0000397a                rutinaPulsador
 .text.i2c_clearbus
                0x00003ada       0x32 i2c_restore.o
                0x00003ada                i2c_clearbus
 .text.lcd_read
                0x00003b0c      0x102 lcdpcf8574.o
                0x00003b0c                lcd_read
 .text.lcd_read_bf
                0x00003c0e        0xe lcdpcf8574.o
                0x00003c0e                lcd_read_bf
 .text.lcd_waitbusy
                0x00003c1c       0x26 lcdpcf8574.o
                0x00003c1c                lcd_waitbusy
 .text.lcd_toggle_e
                0x00003c42       0x26 lcdpcf8574.o
                0x00003c42                lcd_toggle_e
 .text.lcd_write
                0x00003c68      0x16c lcdpcf8574.o
                0x00003c68                lcd_write
 .text.lcd_command
                0x00003dd4       0x1e lcdpcf8574.o
                0x00003dd4                lcd_command
 .text.lcd_init
                0x00003df2       0xfa lcdpcf8574.o
                0x00003df2                lcd_init
 .text.lcd_led  0x00003eec       0x28 lcdpcf8574.o
                0x00003eec                lcd_led
 .text.lcd_gotoxy
                0x00003f14       0x46 lcdpcf8574.o
                0x00003f14                lcd_gotoxy
 .text.lcd_newline
                0x00003f5a       0x12 lcdpcf8574.o
                0x00003f5a                lcd_newline
 .text.lcd_putc
                0x00003f6c       0x3c lcdpcf8574.o
                0x00003f6c                lcd_putc
 .text.lcd_puts
                0x00003fa8       0x20 lcdpcf8574.o
                0x00003fa8                lcd_puts
 .text.__vector_3
                0x00003fc8       0x72 main.o
                0x00003fc8                __vector_3
 .text.__vector_5
                0x0000403a       0x52 main.o
                0x0000403a                __vector_5
 .text.habilita_Pin_X_PCINT_0_7
                0x0000408c       0x82 main.o
                0x0000408c                habilita_Pin_X_PCINT_0_7
 .text.habilita_Pin_X_PCINT_16_23
                0x0000410e       0x84 main.o
                0x0000410e                habilita_Pin_X_PCINT_16_23
 .text.configuraPCINT_grupo0
                0x00004192       0x1c main.o
                0x00004192                configuraPCINT_grupo0
 .text.configuraPCINT_grupo2
                0x000041ae       0x28 main.o
                0x000041ae                configuraPCINT_grupo2
 .text.configuraInterrupcionPorCambio
                0x000041d6        0xa main.o
                0x000041d6                configuraInterrupcionPorCambio
 .text.__vector_2
                0x000041e0       0x20 main.o
                0x000041e0                __vector_2
 .text.configuraINT1
                0x00004200       0x14 main.o
                0x00004200                configuraINT1
 .text.configura_ModoSalidas_TC1
                0x00004214       0x8e main.o
                0x00004214                configura_ModoSalidas_TC1
 .text.configura_Prescaler_TC1
                0x000042a2       0xd0 main.o
                0x000042a2                configura_Prescaler_TC1
 .text.configura_Modo_TC1
                0x00004372      0x150 main.o
                0x00004372                configura_Modo_TC1
 .text.interrupciones_TC1
                0x000044c2       0x42 main.o
                0x000044c2                interrupciones_TC1
 .text.configura_OndaCuadrada_TC1
                0x00004504       0x98 main.o
                0x00004504                configura_OndaCuadrada_TC1
 .text.configuraTIMER1
                0x0000459c       0x2c main.o
                0x0000459c                configuraTIMER1
 .text.waitPx0  0x000045c8       0x4e main.o
                0x000045c8                waitPx0
 .text.__vector_11
                0x00004616      0x13c main.o
                0x00004616                __vector_11
 .text.configura_ModoSalidas_TC0
                0x00004752       0x74 main.o
                0x00004752                configura_ModoSalidas_TC0
 .text.configuraPrescaler_TC0
                0x000047c6       0xd6 main.o
                0x000047c6                configuraPrescaler_TC0
 .text.configura_Modo_TC0
                0x0000489c       0x84 main.o
                0x0000489c                configura_Modo_TC0
 .text.interrupciones_TC0
                0x00004920       0x32 main.o
                0x00004920                interrupciones_TC0
 .text.configura_ModoSalidas_TC2
                0x00004952       0x8e main.o
                0x00004952                configura_ModoSalidas_TC2
 .text.configuraPrescaler_TC2
                0x000049e0      0x11e main.o
                0x000049e0                configuraPrescaler_TC2
 .text.configura_Modo_TC2
                0x00004afe       0xbe main.o
                0x00004afe                configura_Modo_TC2
 .text.interrupciones_TC2
                0x00004bbc       0x32 main.o
                0x00004bbc                interrupciones_TC2
 .text.configura_OndaCuadrada_TC0
                0x00004bee       0x92 main.o
                0x00004bee                configura_OndaCuadrada_TC0
 .text.configura_OndaCuadrada_TC2
                0x00004c80       0x94 main.o
                0x00004c80                configura_OndaCuadrada_TC2
 .text.configuraTIMER0
                0x00004d14       0x36 main.o
                0x00004d14                configuraTIMER0
 .text.configuraTIMER2
                0x00004d4a       0x36 main.o
                0x00004d4a                configuraTIMER2
 .text.__vector_14
                0x00004d80       0x46 main.o
                0x00004d80                __vector_14
 .text.__vector_7
                0x00004dc6       0x52 main.o
                0x00004dc6                __vector_7
 .text.main     0x00004e18      0x3c8 main.o
                0x00004e18                main
 .text.pcf8574_init
                0x000051e0       0x26 pcf8574.o
                0x000051e0                pcf8574_init
 .text.pcf8574_setoutput
                0x00005206       0x4c pcf8574.o
                0x00005206                pcf8574_setoutput
 .text.pcf8574_setoutputpin
                0x00005252       0x58 pcf8574.o
                0x00005252                pcf8574_setoutputpin
 .text.pcf8574_setoutputpinhigh
                0x000052aa        0x8 pcf8574.o
                0x000052aa                pcf8574_setoutputpinhigh
 .text.pcf8574_setoutputpinlow
                0x000052b2        0x8 pcf8574.o
                0x000052b2                pcf8574_setoutputpinlow
 .text.pcf8574_getinput
                0x000052ba       0x3a pcf8574.o
                0x000052ba                pcf8574_getinput
 .text.pcf8574_getinputpin
                0x000052f4       0x32 pcf8574.o
                0x000052f4                pcf8574_getinputpin
 .text.i2c_init
                0x00005326       0x12 twimaster.o
                0x00005326                i2c_init
 .text.i2c_start
                0x00005338       0x62 twimaster.o
                0x00005338                i2c_start
 .text.i2c_stop
                0x0000539a       0x20 twimaster.o
                0x0000539a                i2c_stop
 .text.i2c_write
                0x000053ba       0x30 twimaster.o
                0x000053ba                i2c_write
 .text.i2c_readNak
                0x000053ea       0x22 twimaster.o
                0x000053ea                i2c_readNak
 .text.twi_data_write_ack
                0x0000540c       0x22 RTC_hal.o
 .text.twi_start
                0x0000542e       0x2a RTC_hal.o
 .text.RTC_read
                0x00005458      0x166 RTC_hal.o
                0x00005458                RTC_read
 .text.printDiaSemana
                0x000055be       0xa2 RTC_hal.o
                0x000055be                printDiaSemana
 .text.leeRTC   0x00005660      0x26a RTC_hal.o
                0x00005660                leeRTC
 .text.mi_putc  0x000058ca       0x24 uart.o
                0x000058ca                mi_putc
 .text.mi_getc  0x000058ee       0x22 uart.o
                0x000058ee                mi_getc
 .text.configuraUART
                0x00005910       0xca uart.o
                0x00005910                configuraUART
 .text.interpretaComando
                0x000059da      0x2ee uart.o
                0x000059da                interpretaComando
 .text.__vector_18
                0x00005cc8      0x106 uart.o
                0x00005cc8                __vector_18
 .text.wdt_init
                0x00005dce       0x16 wd.o
                0x00005dce                wdt_init
 .text.__vector_6
                0x00005de4       0x2e wd.o
                0x00005de4                __vector_6
 .text.avr-libc.fplib
                0x00005e12        0xe c:/program files (x86)/atmel/studio/7.0/toolchain/avr8/avr8-gnu-toolchain/bin/../lib/gcc/avr/5.4.0/../../../../avr/lib/avr5\libm.a(addsf3.o)
                0x00005e12                __subsf3
                0x00005e14                __addsf3
 .text.avr-libc.fplib
                0x00005e20       0xcc c:/program files (x86)/atmel/studio/7.0/toolchain/avr8/avr8-gnu-toolchain/bin/../lib/gcc/avr/5.4.0/../../../../avr/lib/avr5\libm.a(addsf3x.o)
                0x00005e42                __addsf3x
 .text.avr-libc.fplib
                0x00005eec        0xa c:/program files (x86)/atmel/studio/7.0/toolchain/avr8/avr8-gnu-toolchain/bin/../lib/gcc/avr/5.4.0/../../../../avr/lib/avr5\libm.a(cmpsf2.o)
                0x00005eec                __nesf2
                0x00005eec                __eqsf2
                0x00005eec                __cmpsf2
                0x00005eec                __ltsf2
                0x00005eec                __lesf2
 .text.avr-libc.fplib
                0x00005ef6        0x8 c:/program files (x86)/atmel/studio/7.0/toolchain/avr8/avr8-gnu-toolchain/bin/../lib/gcc/avr/5.4.0/../../../../avr/lib/avr5\libm.a(divsf3.o)
                0x00005ef6                __divsf3
 .text.avr-libc.fplib
                0x00005efe       0xdc c:/program files (x86)/atmel/studio/7.0/toolchain/avr8/avr8-gnu-toolchain/bin/../lib/gcc/avr/5.4.0/../../../../avr/lib/avr5\libm.a(divsf3x.o)
                0x00005f1e                __divsf3x
                0x00005f24                __divsf3_pse
 .text.avr-libc.fplib
                0x00005fda       0x5e c:/program files (x86)/atmel/studio/7.0/toolchain/avr8/avr8-gnu-toolchain/bin/../lib/gcc/avr/5.4.0/../../../../avr/lib/avr5\libm.a(fixunssfsi.o)
                0x00005fda                __fixunssfsi
 .text.avr-libc.fplib
                0x00006038       0x7a c:/program files (x86)/atmel/studio/7.0/toolchain/avr8/avr8-gnu-toolchain/bin/../lib/gcc/avr/5.4.0/../../../../avr/lib/avr5\libm.a(floatsisf.o)
                0x00006038                __floatunsisf
                0x0000603c                __floatsisf
 .text.avr-libc.fplib
                0x000060b2       0x48 c:/program files (x86)/atmel/studio/7.0/toolchain/avr8/avr8-gnu-toolchain/bin/../lib/gcc/avr/5.4.0/../../../../avr/lib/avr5\libm.a(fp_cmp.o)
                0x000060b2                __fp_cmp
 .text.avr-libc.fplib
                0x000060fa        0xc c:/program files (x86)/atmel/studio/7.0/toolchain/avr8/avr8-gnu-toolchain/bin/../lib/gcc/avr/5.4.0/../../../../avr/lib/avr5\libm.a(fp_inf.o)
                0x000060fa                __fp_inf
 .text.avr-libc.fplib
                0x00006106        0x6 c:/program files (x86)/atmel/studio/7.0/toolchain/avr8/avr8-gnu-toolchain/bin/../lib/gcc/avr/5.4.0/../../../../avr/lib/avr5\libm.a(fp_nan.o)
                0x00006106                __fp_nan
 .text.avr-libc.fplib
                0x0000610c        0xe c:/program files (x86)/atmel/studio/7.0/toolchain/avr8/avr8-gnu-toolchain/bin/../lib/gcc/avr/5.4.0/../../../../avr/lib/avr5\libm.a(fp_pscA.o)
                0x0000610c                __fp_pscA
 .text.avr-libc.fplib
                0x0000611a        0xe c:/program files (x86)/atmel/studio/7.0/toolchain/avr8/avr8-gnu-toolchain/bin/../lib/gcc/avr/5.4.0/../../../../avr/lib/avr5\libm.a(fp_pscB.o)
                0x0000611a                __fp_pscB
 .text.avr-libc.fplib
                0x00006128       0x22 c:/program files (x86)/atmel/studio/7.0/toolchain/avr8/avr8-gnu-toolchain/bin/../lib/gcc/avr/5.4.0/../../../../avr/lib/avr5\libm.a(fp_round.o)
                0x00006128                __fp_round
 .text.avr-libc.fplib
                0x0000614a       0x44 c:/program files (x86)/atmel/studio/7.0/toolchain/avr8/avr8-gnu-toolchain/bin/../lib/gcc/avr/5.4.0/../../../../avr/lib/avr5\libm.a(fp_split3.o)
                0x0000614a                __fp_split3
                0x0000615a                __fp_splitA
 .text.avr-libc.fplib
                0x0000618e        0xe c:/program files (x86)/atmel/studio/7.0/toolchain/avr8/avr8-gnu-toolchain/bin/../lib/gcc/avr/5.4.0/../../../../avr/lib/avr5\libm.a(fp_zero.o)
                0x0000618e                __fp_zero
                0x00006190                __fp_szero
 .text.avr-libc.fplib
                0x0000619c        0x8 c:/program files (x86)/atmel/studio/7.0/toolchain/avr8/avr8-gnu-toolchain/bin/../lib/gcc/avr/5.4.0/../../../../avr/lib/avr5\libm.a(mulsf3.o)
                0x0000619c                __mulsf3
 .text.avr-libc.fplib
                0x000061a4       0xd2 c:/program files (x86)/atmel/studio/7.0/toolchain/avr8/avr8-gnu-toolchain/bin/../lib/gcc/avr/5.4.0/../../../../avr/lib/avr5\libm.a(mulsf3x.o)
                0x000061c2                __mulsf3x
                0x000061c8                __mulsf3_pse
 .text.avr-libc.fplib
                0x00006276       0x48 c:/program files (x86)/atmel/studio/7.0/toolchain/avr8/avr8-gnu-toolchain/bin/../lib/gcc/avr/5.4.0/../../../../avr/lib/avr5\libm.a(round.o)
                0x00006276                round
 .text.avr-libc.fplib
                0x000062be       0x36 c:/program files (x86)/atmel/studio/7.0/toolchain/avr8/avr8-gnu-toolchain/bin/../lib/gcc/avr/5.4.0/../../../../avr/lib/avr5\libm.a(fp_mintl.o)
                0x000062be                __fp_mintl
 .text.avr-libc.fplib
                0x000062f4       0x1c c:/program files (x86)/atmel/studio/7.0/toolchain/avr8/avr8-gnu-toolchain/bin/../lib/gcc/avr/5.4.0/../../../../avr/lib/avr5\libm.a(fp_mpack.o)
                0x000062f4                __fp_mpack
                0x000062f8                __fp_mpack_finite
 .text.avr-libc
                0x00006310      0x6fa c:/program files (x86)/atmel/studio/7.0/toolchain/avr8/avr8-gnu-toolchain/bin/../lib/gcc/avr/5.4.0/../../../../avr/lib/avr5\libprintf_flt.a(vfprintf_flt.o)
                0x00006310                vfprintf
 .text.libgcc.div
                0x00006a0a       0x44 c:/program files (x86)/atmel/studio/7.0/toolchain/avr8/avr8-gnu-toolchain/bin/../lib/gcc/avr/5.4.0/avr5\libgcc.a(_udivmodsi4.o)
                0x00006a0a                __udivmodsi4
 .text.libgcc.div
                0x00006a4e       0x2e c:/program files (x86)/atmel/studio/7.0/toolchain/avr8/avr8-gnu-toolchain/bin/../lib/gcc/avr/5.4.0/avr5\libgcc.a(_divmodsi4.o)
                0x00006a4e                __divmodsi4
 .text.libgcc.div
                0x00006a7c       0x10 c:/program files (x86)/atmel/studio/7.0/toolchain/avr8/avr8-gnu-toolchain/bin/../lib/gcc/avr/5.4.0/avr5\libgcc.a(_negsi2.o)
                0x00006a7c                __negsi2
 .text.libgcc   0x00006a8c        0xc c:/program files (x86)/atmel/studio/7.0/toolchain/avr8/avr8-gnu-toolchain/bin/../lib/gcc/avr/5.4.0/avr5\libgcc.a(_tablejump2.o)
                0x00006a8c                __tablejump2__
 .text.libgcc.mul
                0x00006a98       0x1e c:/program files (x86)/atmel/studio/7.0/toolchain/avr8/avr8-gnu-toolchain/bin/../lib/gcc/avr/5.4.0/avr5\libgcc.a(_umulhisi3.o)
                0x00006a98                __umulhisi3
 .text.libgcc.prologue
                0x00006ab6       0x38 c:/program files (x86)/atmel/studio/7.0/toolchain/avr8/avr8-gnu-toolchain/bin/../lib/gcc/avr/5.4.0/avr5\libgcc.a(_prologue.o)
                0x00006ab6                __prologue_saves__
 .text.libgcc.prologue
                0x00006aee       0x36 c:/program files (x86)/atmel/studio/7.0/toolchain/avr8/avr8-gnu-toolchain/bin/../lib/gcc/avr/5.4.0/avr5\libgcc.a(_epilogue.o)
                0x00006aee                __epilogue_restores__
 .text.avr-libc
                0x00006b24       0x3c c:/program files (x86)/atmel/studio/7.0/toolchain/avr8/avr8-gnu-toolchain/bin/../lib/gcc/avr/5.4.0/../../../../avr/lib/avr5\libc.a(atoi.o)
                0x00006b24                atoi
 .text.avr-libc
                0x00006b60      0x1b0 c:/program files (x86)/atmel/studio/7.0/toolchain/avr8/avr8-gnu-toolchain/bin/../lib/gcc/avr/5.4.0/../../../../avr/lib/avr5\libc.a(ftoa_engine.o)
                0x00006b60                __ftoa_engine
 .text.avr-libc
                0x00006d10       0x16 c:/program files (x86)/atmel/studio/7.0/toolchain/avr8/avr8-gnu-toolchain/bin/../lib/gcc/avr/5.4.0/../../../../avr/lib/avr5\libc.a(strnlen_P.o)
                0x00006d10                strnlen_P
 .text.avr-libc
                0x00006d26       0x16 c:/program files (x86)/atmel/studio/7.0/toolchain/avr8/avr8-gnu-toolchain/bin/../lib/gcc/avr/5.4.0/../../../../avr/lib/avr5\libc.a(strnlen.o)
                0x00006d26                strnlen
 .text.avr-libc
                0x00006d3c       0x10 c:/program files (x86)/atmel/studio/7.0/toolchain/avr8/avr8-gnu-toolchain/bin/../lib/gcc/avr/5.4.0/../../../../avr/lib/avr5\libc.a(mul10.o)
                0x00006d3c                __mulhi_const_10
 .text.avr-libc
                0x00006d4c       0x78 c:/program files (x86)/atmel/studio/7.0/toolchain/avr8/avr8-gnu-toolchain/bin/../lib/gcc/avr/5.4.0/../../../../avr/lib/avr5\libc.a(fputc.o)
                0x00006d4c                fputc
 .text.avr-libc
                0x00006dc4       0x2c c:/program files (x86)/atmel/studio/7.0/toolchain/avr8/avr8-gnu-toolchain/bin/../lib/gcc/avr/5.4.0/../../../../avr/lib/avr5\libc.a(printf.o)
                0x00006dc4                printf
 .text.avr-libc
                0x00006df0        0xe c:/program files (x86)/atmel/studio/7.0/toolchain/avr8/avr8-gnu-toolchain/bin/../lib/gcc/avr/5.4.0/../../../../avr/lib/avr5\libc.a(putchar.o)
                0x00006df0                putchar
 .text.avr-libc
                0x00006dfe       0x60 c:/program files (x86)/atmel/studio/7.0/toolchain/avr8/avr8-gnu-toolchain/bin/../lib/gcc/avr/5.4.0/../../../../avr/lib/avr5\libc.a(puts.o)
                0x00006dfe                puts
 .text.avr-libc
                0x00006e5e       0x44 c:/program files (x86)/atmel/studio/7.0/toolchain/avr8/avr8-gnu-toolchain/bin/../lib/gcc/avr/5.4.0/../../../../avr/lib/avr5\libc.a(sprintf.o)
                0x00006e5e                sprintf
 .text.avr-libc
                0x00006ea2       0xbc c:/program files (x86)/atmel/studio/7.0/toolchain/avr8/avr8-gnu-toolchain/bin/../lib/gcc/avr/5.4.0/../../../../avr/lib/avr5\libc.a(ultoa_invert.o)
                0x00006ea2                __ultoa_invert
 .text.avr-libc
                0x00006f5e       0x10 c:/program files (x86)/atmel/studio/7.0/toolchain/avr8/avr8-gnu-toolchain/bin/../lib/gcc/avr/5.4.0/../../../../avr/lib/avr5\libatmega328p.a(eerd_byte.o)
                0x00006f5e                eeprom_read_byte
 .text.avr-libc
                0x00006f6e       0x1c c:/program files (x86)/atmel/studio/7.0/toolchain/avr8/avr8-gnu-toolchain/bin/../lib/gcc/avr/5.4.0/../../../../avr/lib/avr5\libatmega328p.a(eewr_byte.o)
                0x00006f6e                eeprom_write_byte
                0x00006f70                eeprom_write_r18
                0x00006f8a                . = ALIGN (0x2)
 *(.fini9)
 .fini9         0x00006f8a        0x0 c:/program files (x86)/atmel/studio/7.0/toolchain/avr8/avr8-gnu-toolchain/bin/../lib/gcc/avr/5.4.0/avr5\libgcc.a(_exit.o)
                0x00006f8a                _exit
                0x00006f8a                exit
 *(.fini9)
 *(.fini8)
 *(.fini8)
 *(.fini7)
 *(.fini7)
 *(.fini6)
 *(.fini6)
 *(.fini5)
 *(.fini5)
 *(.fini4)
 *(.fini4)
 *(.fini3)
 *(.fini3)
 *(.fini2)
 *(.fini2)
 *(.fini1)
 *(.fini1)
 *(.fini0)
 .fini0         0x00006f8a        0x4 c:/program files (x86)/atmel/studio/7.0/toolchain/avr8/avr8-gnu-toolchain/bin/../lib/gcc/avr/5.4.0/avr5\libgcc.a(_exit.o)
 *(.fini0)
                0x00006f8e                _etext = .

.data           0x00800100      0x390 load address 0x00006f8e
                0x00800100                PROVIDE (__data_start, .)
 *(.data)
 *(.data*)
 .data.rtc_data
                0x00800100        0x7 RTC_hal.o
                0x00800100                rtc_data
 .data.uart_io  0x00800107        0xe uart.o
                0x00800107                uart_io
 *(.gnu.linkonce.d*)
 *(.rodata)
 *(.rodata*)
 .rodata.str1.1
                0x00800115      0x28e app_utils.o
                                0x2b3 (size before relaxing)
 .rodata.lista_Dosis
                0x008003a3       0x18 app_utils.o
                0x008003a3                lista_Dosis
 .rodata.lista_Tiempos
                0x008003bb       0x18 app_utils.o
                0x008003bb                lista_Tiempos
 .rodata.str1.1
                0x008003d3       0x4a main.o
                                 0x58 (size before relaxing)
 .rodata.str1.1
                0x0080041d       0x2f RTC_hal.o
 .rodata.str1.1
                0x0080044c       0x43 uart.o
                                 0x57 (size before relaxing)
 *(.gnu.linkonce.r*)
                0x00800490                . = ALIGN (0x2)
 *fill*         0x0080048f        0x1 
                0x00800490                _edata = .
                0x00800490                PROVIDE (__data_end, .)

.bss            0x00800490      0x162
                0x00800490                PROVIDE (__bss_start, .)
 *(.bss)
 *(.bss*)
 .bss.display_watchdog_state
                0x00800490        0x1 app_utils.o
                0x00800490                display_watchdog_state
 .bss.dataport  0x00800491        0x1 lcdpcf8574.o
                0x00800491                dataport
 .bss.prescaler_TC2
                0x00800492        0x2 main.o
                0x00800492                prescaler_TC2
 .bss.prescaler_TC0
                0x00800494        0x2 main.o
                0x00800494                prescaler_TC0
 .bss.error_Px0
                0x00800496        0x1 main.o
                0x00800496                error_Px0
 .bss.prescaler_TC1
                0x00800497        0x2 main.o
                0x00800497                prescaler_TC1
 .bss.print_buffer
                0x00800499       0x40 RTC_hal.o
 *(COMMON)
 COMMON         0x008004d9      0x10d app_utils.o
                0x008004d9                decenas
                0x008004db                indcom
                0x008004dd                sabado
                0x008004de                dosis_A
                0x008004df                cont_Tiempo_A
                0x008004e1                lectura2
                0x008004e3                ANCHO_PULSO_A
                0x008004e4                flagTimer1
                0x008004e5                tipoPCF8574
                0x008004e6                pMES
                0x008004e7                lectura3
                0x008004e9                A
                0x008004eb                dosis_B
                0x008004ec                estado
                0x008004ed                lunes
                0x008004ee                cadena_HoraAct
                0x008004f4                tiempo_A
                0x008004f6                pcf8574_pinstatus
                0x008004fe                cadena_Display2
                0x00800501                contTimer2
                0x00800502                cadena_Dia_Semana
                0x00800507                lecturaActualAD
                0x00800509                B
                0x0080050b                cadena_Hora
                0x0080050f                centenas
                0x00800511                CORRECCION_CURVA_B
                0x00800512                miercoles
                0x00800513                martes
                0x00800514                C
                0x00800516                LCD_PCF8574_DEVICEID
                0x00800517                flagTimer0
                0x00800518                cadena_Anio
                0x00800520                DESFASAJE
                0x00800521                CORRECCION_CURVA_A
                0x00800522                estadoAnterior
                0x00800523                cadena_Dosis_B
                0x0080052a                cadena_Tiempo_Purga
                0x00800530                viernes
                0x00800531                main_dispbuffer
                0x00800584                pSEGUNDOS
                0x00800585                cadena_Min
                0x0080058a                tiempo_B
                0x0080058c                contTimer1
                0x0080058d                ANCHO_PULSO_B
                0x0080058e                domingo
                0x0080058f                bomba_B_APAGADA
                0x00800590                pANIO
                0x00800591                lectura1
                0x00800593                jueves
                0x00800594                cadena_Dia
                0x0080059a                subestado
                0x0080059b                pDIA_SEMANA
                0x0080059c                comando
                0x008005ba                bomba_A_APAGADA
                0x008005bb                E
                0x008005bd                cadena_Mes
                0x008005c4                flagTimer2
                0x008005c5                unidades
                0x008005c7                modo
                0x008005c8                duracion
                0x008005c9                flag_px0
                0x008005ca                cadena_Dosis_A
                0x008005d0                ciclos
                0x008005d1                cont_Tiempo_B
                0x008005d3                horas_act
                0x008005df                pHORAS
                0x008005e0                PCF8574_ADDRBASE
                0x008005e1                pMINUTOS
                0x008005e2                pDIA
                0x008005e3                cmd
                0x008005e5                contTimer0
 COMMON         0x008005e6        0x6 RTC_hal.o
                0x008005e6                fT
                0x008005e7                flagFecha
                0x008005e8                flagHora
                0x008005e9                DIA_ACTIVADO
                0x008005ea                MIN_ACTIVADO
                0x008005eb                HORA_ACTIVADO
 COMMON         0x008005ec        0x6 c:/program files (x86)/atmel/studio/7.0/toolchain/avr8/avr8-gnu-toolchain/bin/../lib/gcc/avr/5.4.0/../../../../avr/lib/avr5\libc.a(iob.o)
                0x008005ec                __iob
                0x008005f2                PROVIDE (__bss_end, .)
                0x00006f8e                __data_load_start = LOADADDR (.data)
                0x0000731e                __data_load_end = (__data_load_start + SIZEOF (.data))

.noinit         0x008005f2        0x0
                [!provide]                PROVIDE (__noinit_start, .)
 *(.noinit*)
                [!provide]                PROVIDE (__noinit_end, .)
                0x008005f2                _end = .
                [!provide]                PROVIDE (__heap_start, .)

.eeprom         0x00810000       0x1e
 *(.eeprom*)
 .eeprom        0x00810000       0x1e app_utils.o
                0x00810000                eeprom_Dosis_B
                0x00810001                eeprom_Dosis_A
                0x00810002                eeprom_Duracion
                0x00810003                eeprom_Modo
                0x00810004                eeprom_Ciclos
                0x00810005                eeprom_Domingo
                0x00810006                eeprom_Sabado
                0x00810007                eeprom_Viernes
                0x00810008                eeprom_Jueves
                0x00810009                eeprom_Miercoles
                0x0081000a                eeprom_Martes
                0x0081000b                eeprom_Lunes
                0x0081000c                eeprom_Desfasaje
                0x0081000d                eeprom_curvaB
                0x0081000e                eeprom_curvaA
                0x0081000f                eeprom_anchoB
                0x00810010                eeprom_anchoA
                0x00810011                eeprom_HorasACT
                0x0081001d                eeprom_PCF
                0x0081001e                __eeprom_end = .

.fuse
 *(.fuse)
 *(.lfuse)
 *(.hfuse)
 *(.efuse)

.lock
 *(.lock*)

.signature
 *(.signature*)

.user_signatures
 *(.user_signatures*)

.stab
 *(.stab)

.stabstr
 *(.stabstr)

.stab.excl
 *(.stab.excl)

.stab.exclstr
 *(.stab.exclstr)

.stab.index
 *(.stab.index)

.stab.indexstr
 *(.stab.indexstr)

.comment        0x00000000       0x5c
 *(.comment)
 .comment       0x00000000       0x30 app_utils.o
                                 0x31 (size before relaxing)
 .comment       0x00000030       0x31 i2c_restore.o
 .comment       0x00000030       0x31 lcdpcf8574.o
 .comment       0x00000030       0x31 main.o
 .comment       0x00000030       0x31 pcf8574.o
 .comment       0x00000030       0x31 twimaster.o
 .comment       0x00000030       0x31 RTC_hal.o
 .comment       0x00000030       0x31 uart.o
 .comment       0x00000030       0x31 wd.o
 .comment       0x00000030       0x2c c:/program files (x86)/atmel/studio/7.0/toolchain/avr8/avr8-gnu-toolchain/bin/../lib/gcc/avr/5.4.0/../../../../avr/lib/avr5\libprintf_flt.a(vfprintf_flt.o)
                                 0x2d (size before relaxing)
 .comment       0x0000005c       0x31 c:/program files (x86)/atmel/studio/7.0/toolchain/avr8/avr8-gnu-toolchain/bin/../lib/gcc/avr/5.4.0/../../../../avr/lib/avr5\libc.a(fputc.o)
 .comment       0x0000005c       0x31 c:/program files (x86)/atmel/studio/7.0/toolchain/avr8/avr8-gnu-toolchain/bin/../lib/gcc/avr/5.4.0/../../../../avr/lib/avr5\libc.a(iob.o)
 .comment       0x0000005c       0x31 c:/program files (x86)/atmel/studio/7.0/toolchain/avr8/avr8-gnu-toolchain/bin/../lib/gcc/avr/5.4.0/../../../../avr/lib/avr5\libc.a(printf.o)
 .comment       0x0000005c       0x31 c:/program files (x86)/atmel/studio/7.0/toolchain/avr8/avr8-gnu-toolchain/bin/../lib/gcc/avr/5.4.0/../../../../avr/lib/avr5\libc.a(putchar.o)
 .comment       0x0000005c       0x31 c:/program files (x86)/atmel/studio/7.0/toolchain/avr8/avr8-gnu-toolchain/bin/../lib/gcc/avr/5.4.0/../../../../avr/lib/avr5\libc.a(puts.o)
 .comment       0x0000005c       0x31 c:/program files (x86)/atmel/studio/7.0/toolchain/avr8/avr8-gnu-toolchain/bin/../lib/gcc/avr/5.4.0/../../../../avr/lib/avr5\libc.a(sprintf.o)

.note.gnu.avr.deviceinfo
                0x00000000       0x40
 .note.gnu.avr.deviceinfo
                0x00000000       0x40 c:/program files (x86)/atmel/studio/7.0/toolchain/avr8/avr8-gnu-toolchain/bin/../lib/gcc/avr/5.4.0/../../../../avr/lib/avr5/crtatmega328p.o

.note.gnu.build-id
 *(.note.gnu.build-id)

.debug
 *(.debug)

.line
 *(.line)

.debug_srcinfo
 *(.debug_srcinfo)

.debug_sfnames
 *(.debug_sfnames)

.debug_aranges  0x00000000      0x628
 *(.debug_aranges)
 .debug_aranges
                0x00000000      0x2b0 app_utils.o
 .debug_aranges
                0x000002b0       0x20 i2c_restore.o
 .debug_aranges
                0x000002d0       0x98 lcdpcf8574.o
 .debug_aranges
                0x00000368      0x138 main.o
 .debug_aranges
                0x000004a0       0x60 pcf8574.o
 .debug_aranges
                0x00000500       0x58 twimaster.o
 .debug_aranges
                0x00000558       0x50 RTC_hal.o
 .debug_aranges
                0x000005a8       0x50 uart.o
 .debug_aranges
                0x000005f8       0x30 wd.o

.debug_pubnames
 *(.debug_pubnames)

.debug_info     0x00000000     0xacf4
 *(.debug_info .gnu.linkonce.wi.*)
 .debug_info    0x00000000      0x5f4 c:/program files (x86)/atmel/studio/7.0/toolchain/avr8/avr8-gnu-toolchain/bin/../lib/gcc/avr/5.4.0/../../../../avr/lib/avr5/crtatmega328p.o
 .debug_info    0x000005f4     0x5b94 app_utils.o
 .debug_info    0x00006188      0x198 i2c_restore.o
 .debug_info    0x00006320      0xad6 lcdpcf8574.o
 .debug_info    0x00006df6     0x181d main.o
 .debug_info    0x00008613      0x49f pcf8574.o
 .debug_info    0x00008ab2      0x453 twimaster.o
 .debug_info    0x00008f05      0xd9a RTC_hal.o
 .debug_info    0x00009c9f      0xfa6 uart.o
 .debug_info    0x0000ac45       0xaf wd.o

.debug_abbrev   0x00000000     0x19ce
 *(.debug_abbrev)
 .debug_abbrev  0x00000000      0x5a2 c:/program files (x86)/atmel/studio/7.0/toolchain/avr8/avr8-gnu-toolchain/bin/../lib/gcc/avr/5.4.0/../../../../avr/lib/avr5/crtatmega328p.o
 .debug_abbrev  0x000005a2      0x3df app_utils.o
 .debug_abbrev  0x00000981      0x10e i2c_restore.o
 .debug_abbrev  0x00000a8f      0x2a2 lcdpcf8574.o
 .debug_abbrev  0x00000d31      0x329 main.o
 .debug_abbrev  0x0000105a      0x1bb pcf8574.o
 .debug_abbrev  0x00001215      0x196 twimaster.o
 .debug_abbrev  0x000013ab      0x2ec RTC_hal.o
 .debug_abbrev  0x00001697      0x2ce uart.o
 .debug_abbrev  0x00001965       0x69 wd.o

.debug_line     0x00000000     0x6205
 *(.debug_line .debug_line.* .debug_line_end)
 .debug_line    0x00000000       0x1a c:/program files (x86)/atmel/studio/7.0/toolchain/avr8/avr8-gnu-toolchain/bin/../lib/gcc/avr/5.4.0/../../../../avr/lib/avr5/crtatmega328p.o
 .debug_line    0x0000001a     0x32f7 app_utils.o
 .debug_line    0x00003311      0x159 i2c_restore.o
 .debug_line    0x0000346a      0x679 lcdpcf8574.o
 .debug_line    0x00003ae3     0x137a main.o
 .debug_line    0x00004e5d      0x31c pcf8574.o
 .debug_line    0x00005179      0x358 twimaster.o
 .debug_line    0x000054d1      0x691 RTC_hal.o
 .debug_line    0x00005b62      0x596 uart.o
 .debug_line    0x000060f8      0x10d wd.o

.debug_frame    0x00000000     0x1174
 *(.debug_frame)
 .debug_frame   0x00000000      0x794 app_utils.o
 .debug_frame   0x00000794       0x24 i2c_restore.o
 .debug_frame   0x000007b8      0x140 lcdpcf8574.o
 .debug_frame   0x000008f8      0x450 main.o
 .debug_frame   0x00000d48       0xbc pcf8574.o
 .debug_frame   0x00000e04       0xa0 twimaster.o
 .debug_frame   0x00000ea4      0x13c RTC_hal.o
 .debug_frame   0x00000fe0      0x134 uart.o
 .debug_frame   0x00001114       0x60 wd.o

.debug_str      0x00000000     0x1784
 *(.debug_str)
 .debug_str     0x00000000      0x208 c:/program files (x86)/atmel/studio/7.0/toolchain/avr8/avr8-gnu-toolchain/bin/../lib/gcc/avr/5.4.0/../../../../avr/lib/avr5/crtatmega328p.o
 .debug_str     0x00000208      0xdc6 app_utils.o
                                0xe72 (size before relaxing)
 .debug_str     0x00000fce       0x3b i2c_restore.o
                                0x22a (size before relaxing)
 .debug_str     0x00001009      0x157 lcdpcf8574.o
                                0x40e (size before relaxing)
 .debug_str     0x00001160      0x399 main.o
                                0xb47 (size before relaxing)
 .debug_str     0x000014f9       0x68 pcf8574.o
                                0x31b (size before relaxing)
 .debug_str     0x00001561       0x48 twimaster.o
                                0x258 (size before relaxing)
 .debug_str     0x000015a9      0x129 RTC_hal.o
                                0x706 (size before relaxing)
 .debug_str     0x000016d2       0x95 uart.o
                                0x707 (size before relaxing)
 .debug_str     0x00001767       0x1d wd.o
                                0x1a7 (size before relaxing)

.debug_loc      0x00000000     0x6e7b
 *(.debug_loc)
 .debug_loc     0x00000000     0x35e1 app_utils.o
 .debug_loc     0x000035e1       0x5c i2c_restore.o
 .debug_loc     0x0000363d      0x843 lcdpcf8574.o
 .debug_loc     0x00003e80     0x1448 main.o
 .debug_loc     0x000052c8      0x44f pcf8574.o
 .debug_loc     0x00005717      0x3b7 twimaster.o
 .debug_loc     0x00005ace      0xa77 RTC_hal.o
 .debug_loc     0x00006545      0x8e0 uart.o
 .debug_loc     0x00006e25       0x56 wd.o

.debug_macinfo
 *(.debug_macinfo)

.debug_weaknames
 *(.debug_weaknames)

.debug_funcnames
 *(.debug_funcnames)

.debug_typenames
 *(.debug_typenames)

.debug_varnames
 *(.debug_varnames)

.debug_pubtypes
 *(.debug_pubtypes)

.debug_ranges   0x00000000      0x6e8
 *(.debug_ranges)
 .debug_ranges  0x00000000      0x2e8 app_utils.o
 .debug_ranges  0x000002e8       0x10 i2c_restore.o
 .debug_ranges  0x000002f8       0x88 lcdpcf8574.o
 .debug_ranges  0x00000380      0x128 main.o
 .debug_ranges  0x000004a8       0x68 pcf8574.o
 .debug_ranges  0x00000510       0x48 twimaster.o
 .debug_ranges  0x00000558      0x118 RTC_hal.o
 .debug_ranges  0x00000670       0x58 uart.o
 .debug_ranges  0x000006c8       0x20 wd.o

.debug_macro
 *(.debug_macro)
OUTPUT(i2c_lcd16x2_AVR.elf elf32-avr)
LOAD linker stubs
